# croquis   : 07-trois-sondes
# etiquette : trois-sondes-meme-pot
# date      : 2026-08-15T20:50:18+02:00

--- Terminal on /dev/ttyUSB0 | 115200 8-N-1
--- Available filters and text transformations: debug, default, direct, esp32_exception_decoder, hexlify, log2file, nocontrol, printable, send_on_enter, time
--- More details at https://bit.ly/pio-monitor-filters
--- Quit: Ctrl+C | Menu: Ctrl+T | Help: Ctrl+T followed by Ctrl+H

=== 07-trois-sondes ===
3 sondes en direct sur GPIO 7 2 4
Les trois dans le meme pot, meme profondeur.
L'ecart entre S1, S2 et S3 est le resultat cherche.

S1 (GPIO  7)  moy= 2179.7  ecart-type=  5.8  min=2154  max=2190
S2 (GPIO  2)  moy= 2173.2  ecart-type=  4.1  min=2151  max=2188
S3 (GPIO  4)  moy= 2171.9  ecart-type= 18.9  min=2058  max=2234
divergence = 7.9 points, soit 0.5 % de la dynamique utile

S1 (GPIO  7)  moy= 2180.6  ecart-type=  5.5  min=2159  max=2193
S2 (GPIO  2)  moy= 2173.7  ecart-type= 12.5  min=2141  max=2239
S3 (GPIO  4)  moy= 2172.9  ecart-type=  3.8  min=2148  max=2195
divergence = 7.7 points, soit 0.5 % de la dynamique utile

S1 (GPIO  7)  moy= 2182.5  ecart-type= 13.2  min=2130  max=2251
S2 (GPIO  2)  moy= 2172.8  ecart-type=  2.7  min=2163  max=2183
S3 (GPIO  4)  moy= 2173.2  ecart-type=  3.4  min=2165  max=2191
divergence = 9.7 points, soit 0.7 % de la dynamique utile

S1 (GPIO  7)  moy= 2181.2  ecart-type=  4.8  min=2158  max=2187
S2 (GPIO  2)  moy= 2172.9  ecart-type=  1.6  min=2169  max=2181
S3 (GPIO  4)  moy= 2172.9  ecart-type= 15.7  min=2119  max=2224
divergence = 8.3 points, soit 0.6 % de la dynamique utile

S1 (GPIO  7)  moy= 2180.9  ecart-type=  5.1  min=2159  max=2186
S2 (GPIO  2)  moy= 2173.6  ecart-type=  3.8  min=2155  max=2198
S3 (GPIO  4)  moy= 2173.4  ecart-type=  2.1  min=2166  max=2181
divergence = 7.5 points, soit 0.5 % de la dynamique utile

S1 (GPIO  7)  moy= 2181.6  ecart-type=  4.5  min=2160  max=2186
S2 (GPIO  2)  moy= 2173.7  ecart-type=  2.2  min=2170  max=2183
S3 (GPIO  4)  moy= 2174.2  ecart-type=  2.6  min=2171  max=2183
divergence = 7.9 points, soit 0.5 % de la dynamique utile

S1 (GPIO  7)  moy= 2179.7  ecart-type= 10.3  min=2132  max=2199
S2 (GPIO  2)  moy= 2173.6  ecart-type=  2.4  min=2169  max=2184
S3 (GPIO  4)  moy= 2173.2  ecart-type=  2.3  min=2168  max=2183
divergence = 6.5 points, soit 0.4 % de la dynamique utile

S1 (GPIO  7)  moy= 2180.9  ecart-type=  4.8  min=2160  max=2187
